// Jest Snapshot v1, https://goo.gl/fbAQLP

exports[`App component should match snapshot 1`] = `
<p
  class="MuiTypography-root MuiTypography-body1 title css-ahj2mt-MuiTypography-root"
>
  Mega pro app
</p>
`;
